
> temp_app@0.1.0 dev
> next dev

  ▲ Next.js 14.2.23
  - Local:        http://localhost:3000

 ✓ Starting...
Attention: Next.js now collects completely anonymous telemetry regarding usage.
This information is used to shape Next.js' roadmap and prioritize features.
You can learn more, including how to opt-out if you'd not like to participate in this anonymous program, by visiting the following URL:
https://nextjs.org/telemetry

 ✓ Ready in 1759ms
 ○ Compiling / ...
 ⚠ ./node_modules/@metamask/sdk/dist/browser/es/metamask-sdk.js
Module not found: Can't resolve '@react-native-async-storage/async-storage' in '/app/node_modules/@metamask/sdk/dist/browser/es'

Import trace for requested module:
./node_modules/@metamask/sdk/dist/browser/es/metamask-sdk.js
./node_modules/@wagmi/connectors/dist/esm/metaMask.js
./node_modules/@wagmi/connectors/dist/esm/exports/index.js
./node_modules/wagmi/dist/esm/exports/connectors.js
./src/config/wagmi.ts
./src/app/providers.tsx

./node_modules/@metamask/sdk/dist/browser/es/metamask-sdk.js
Module not found: Can't resolve '@react-native-async-storage/async-storage' in '/app/node_modules/@metamask/sdk/dist/browser/es'

Import trace for requested module:
./node_modules/@metamask/sdk/dist/browser/es/metamask-sdk.js
./node_modules/@wagmi/connectors/dist/esm/metaMask.js
./node_modules/@wagmi/connectors/dist/esm/exports/index.js
./node_modules/wagmi/dist/esm/exports/connectors.js
./src/config/wagmi.ts
./src/app/providers.tsx

./node_modules/pino/lib/tools.js
Module not found: Can't resolve 'pino-pretty' in '/app/node_modules/pino/lib'

Import trace for requested module:
./node_modules/pino/lib/tools.js
./node_modules/pino/pino.js
./node_modules/@walletconnect/logger/dist/index.es.js
./node_modules/@walletconnect/universal-provider/dist/index.es.js
./node_modules/@walletconnect/ethereum-provider/dist/index.es.js
./node_modules/@wagmi/connectors/dist/esm/walletConnect.js
./node_modules/@wagmi/connectors/dist/esm/exports/index.js
./node_modules/wagmi/dist/esm/exports/connectors.js
./src/config/wagmi.ts
./src/app/providers.tsx
@farcaster/frame-sdk is deprecated. Please use @farcaster/miniapp-sdk instead.
 HEAD / 200 in 9676ms
 ⚠ ./node_modules/@metamask/sdk/dist/browser/es/metamask-sdk.js
Module not found: Can't resolve '@react-native-async-storage/async-storage' in '/app/node_modules/@metamask/sdk/dist/browser/es'

Import trace for requested module:
./node_modules/@metamask/sdk/dist/browser/es/metamask-sdk.js
./node_modules/@wagmi/connectors/dist/esm/metaMask.js
./node_modules/@wagmi/connectors/dist/esm/exports/index.js
./node_modules/wagmi/dist/esm/exports/connectors.js
./src/config/wagmi.ts
./src/app/providers.tsx

./node_modules/@metamask/sdk/dist/browser/es/metamask-sdk.js
Module not found: Can't resolve '@react-native-async-storage/async-storage' in '/app/node_modules/@metamask/sdk/dist/browser/es'

Import trace for requested module:
./node_modules/@metamask/sdk/dist/browser/es/metamask-sdk.js
./node_modules/@wagmi/connectors/dist/esm/metaMask.js
./node_modules/@wagmi/connectors/dist/esm/exports/index.js
./node_modules/wagmi/dist/esm/exports/connectors.js
./src/config/wagmi.ts
./src/app/providers.tsx

./node_modules/pino/lib/tools.js
Module not found: Can't resolve 'pino-pretty' in '/app/node_modules/pino/lib'

Import trace for requested module:
./node_modules/pino/lib/tools.js
./node_modules/pino/pino.js
./node_modules/@walletconnect/logger/dist/index.es.js
./node_modules/@walletconnect/universal-provider/dist/index.es.js
./node_modules/@walletconnect/ethereum-provider/dist/index.es.js
./node_modules/@wagmi/connectors/dist/esm/walletConnect.js
./node_modules/@wagmi/connectors/dist/esm/exports/index.js
./node_modules/wagmi/dist/esm/exports/connectors.js
./src/config/wagmi.ts
./src/app/providers.tsx
 GET / 200 in 97ms
 GET / 200 in 58ms
